  Determining projects to restore...
  All projects are up-to-date for restore.
C:\Program Files\dotnet\sdk\10.0.101\Microsoft.Common.CurrentVersion.targets(5381,5): warning MSB3026: Could not copy "C:\Users\phucl\OneDrive\Desktop\ASS_NET201_PHAT\ASS_NET201_BuiThinhPhat_02\obj\Debug\net10.0\apphost.exe" to "bin\Debug\net10.0\Assignment_NET201.exe". Beginning retry 1 in 1000ms. The process cannot access the file 'C:\Users\phucl\OneDrive\Desktop\ASS_NET201_PHAT\ASS_NET201_BuiThinhPhat_02\bin\Debug\net10.0\Assignment_NET201.exe' because it is being used by another process. The file is locked by: "Assignment_NET201 (19076)" [C:\Users\phucl\OneDrive\Desktop\ASS_NET201_PHAT\ASS_NET201_BuiThinhPhat_02\Assignment_NET201.csproj]
C:\Program Files\dotnet\sdk\10.0.101\Microsoft.Common.CurrentVersion.targets(5381,5): warning MSB3026: Could not copy "C:\Users\phucl\OneDrive\Desktop\ASS_NET201_PHAT\ASS_NET201_BuiThinhPhat_02\obj\Debug\net10.0\apphost.exe" to "bin\Debug\net10.0\Assignment_NET201.exe". Beginning retry 2 in 1000ms. The process cannot access the file 'C:\Users\phucl\OneDrive\Desktop\ASS_NET201_PHAT\ASS_NET201_BuiThinhPhat_02\bin\Debug\net10.0\Assignment_NET201.exe' because it is being used by another process. The file is locked by: "Assignment_NET201 (19076)" [C:\Users\phucl\OneDrive\Desktop\ASS_NET201_PHAT\ASS_NET201_BuiThinhPhat_02\Assignment_NET201.csproj]
C:\Program Files\dotnet\sdk\10.0.101\Microsoft.Common.CurrentVersion.targets(5381,5): warning MSB3026: Could not copy "C:\Users\phucl\OneDrive\Desktop\ASS_NET201_PHAT\ASS_NET201_BuiThinhPhat_02\obj\Debug\net10.0\apphost.exe" to "bin\Debug\net10.0\Assignment_NET201.exe". Beginning retry 3 in 1000ms. The process cannot access the file 'C:\Users\phucl\OneDrive\Desktop\ASS_NET201_PHAT\ASS_NET201_BuiThinhPhat_02\bin\Debug\net10.0\Assignment_NET201.exe' because it is being used by another process. The file is locked by: "Assignment_NET201 (19076)" [C:\Users\phucl\OneDrive\Desktop\ASS_NET201_PHAT\ASS_NET201_BuiThinhPhat_02\Assignment_NET201.csproj]
C:\Program Files\dotnet\sdk\10.0.101\Microsoft.Common.CurrentVersion.targets(5381,5): warning MSB3026: Could not copy "C:\Users\phucl\OneDrive\Desktop\ASS_NET201_PHAT\ASS_NET201_BuiThinhPhat_02\obj\Debug\net10.0\apphost.exe" to "bin\Debug\net10.0\Assignment_NET201.exe". Beginning retry 4 in 1000ms. The process cannot access the file 'C:\Users\phucl\OneDrive\Desktop\ASS_NET201_PHAT\ASS_NET201_BuiThinhPhat_02\bin\Debug\net10.0\Assignment_NET201.exe' because it is being used by another process. The file is locked by: "Assignment_NET201 (19076)" [C:\Users\phucl\OneDrive\Desktop\ASS_NET201_PHAT\ASS_NET201_BuiThinhPhat_02\Assignment_NET201.csproj]
C:\Program Files\dotnet\sdk\10.0.101\Microsoft.Common.CurrentVersion.targets(5381,5): warning MSB3026: Could not copy "C:\Users\phucl\OneDrive\Desktop\ASS_NET201_PHAT\ASS_NET201_BuiThinhPhat_02\obj\Debug\net10.0\apphost.exe" to "bin\Debug\net10.0\Assignment_NET201.exe". Beginning retry 5 in 1000ms. The process cannot access the file 'C:\Users\phucl\OneDrive\Desktop\ASS_NET201_PHAT\ASS_NET201_BuiThinhPhat_02\bin\Debug\net10.0\Assignment_NET201.exe' because it is being used by another process. The file is locked by: "Assignment_NET201 (19076)" [C:\Users\phucl\OneDrive\Desktop\ASS_NET201_PHAT\ASS_NET201_BuiThinhPhat_02\Assignment_NET201.csproj]
C:\Program Files\dotnet\sdk\10.0.101\Microsoft.Common.CurrentVersion.targets(5381,5): warning MSB3026: Could not copy "C:\Users\phucl\OneDrive\Desktop\ASS_NET201_PHAT\ASS_NET201_BuiThinhPhat_02\obj\Debug\net10.0\apphost.exe" to "bin\Debug\net10.0\Assignment_NET201.exe". Beginning retry 6 in 1000ms. The process cannot access the file 'C:\Users\phucl\OneDrive\Desktop\ASS_NET201_PHAT\ASS_NET201_BuiThinhPhat_02\bin\Debug\net10.0\Assignment_NET201.exe' because it is being used by another process. The file is locked by: "Assignment_NET201 (19076)" [C:\Users\phucl\OneDrive\Desktop\ASS_NET201_PHAT\ASS_NET201_BuiThinhPhat_02\Assignment_NET201.csproj]
C:\Program Files\dotnet\sdk\10.0.101\Microsoft.Common.CurrentVersion.targets(5381,5): warning MSB3026: Could not copy "C:\Users\phucl\OneDrive\Desktop\ASS_NET201_PHAT\ASS_NET201_BuiThinhPhat_02\obj\Debug\net10.0\apphost.exe" to "bin\Debug\net10.0\Assignment_NET201.exe". Beginning retry 7 in 1000ms. The process cannot access the file 'C:\Users\phucl\OneDrive\Desktop\ASS_NET201_PHAT\ASS_NET201_BuiThinhPhat_02\bin\Debug\net10.0\Assignment_NET201.exe' because it is being used by another process. The file is locked by: "Assignment_NET201 (19076)" [C:\Users\phucl\OneDrive\Desktop\ASS_NET201_PHAT\ASS_NET201_BuiThinhPhat_02\Assignment_NET201.csproj]
C:\Program Files\dotnet\sdk\10.0.101\Microsoft.Common.CurrentVersion.targets(5381,5): warning MSB3026: Could not copy "C:\Users\phucl\OneDrive\Desktop\ASS_NET201_PHAT\ASS_NET201_BuiThinhPhat_02\obj\Debug\net10.0\apphost.exe" to "bin\Debug\net10.0\Assignment_NET201.exe". Beginning retry 8 in 1000ms. The process cannot access the file 'C:\Users\phucl\OneDrive\Desktop\ASS_NET201_PHAT\ASS_NET201_BuiThinhPhat_02\bin\Debug\net10.0\Assignment_NET201.exe' because it is being used by another process. The file is locked by: "Assignment_NET201 (19076)" [C:\Users\phucl\OneDrive\Desktop\ASS_NET201_PHAT\ASS_NET201_BuiThinhPhat_02\Assignment_NET201.csproj]
C:\Program Files\dotnet\sdk\10.0.101\Microsoft.Common.CurrentVersion.targets(5381,5): warning MSB3026: Could not copy "C:\Users\phucl\OneDrive\Desktop\ASS_NET201_PHAT\ASS_NET201_BuiThinhPhat_02\obj\Debug\net10.0\apphost.exe" to "bin\Debug\net10.0\Assignment_NET201.exe". Beginning retry 9 in 1000ms. The process cannot access the file 'C:\Users\phucl\OneDrive\Desktop\ASS_NET201_PHAT\ASS_NET201_BuiThinhPhat_02\bin\Debug\net10.0\Assignment_NET201.exe' because it is being used by another process. The file is locked by: "Assignment_NET201 (19076)" [C:\Users\phucl\OneDrive\Desktop\ASS_NET201_PHAT\ASS_NET201_BuiThinhPhat_02\Assignment_NET201.csproj]
C:\Program Files\dotnet\sdk\10.0.101\Microsoft.Common.CurrentVersion.targets(5381,5): warning MSB3026: Could not copy "C:\Users\phucl\OneDrive\Desktop\ASS_NET201_PHAT\ASS_NET201_BuiThinhPhat_02\obj\Debug\net10.0\apphost.exe" to "bin\Debug\net10.0\Assignment_NET201.exe". Beginning retry 10 in 1000ms. The process cannot access the file 'C:\Users\phucl\OneDrive\Desktop\ASS_NET201_PHAT\ASS_NET201_BuiThinhPhat_02\bin\Debug\net10.0\Assignment_NET201.exe' because it is being used by another process. The file is locked by: "Assignment_NET201 (19076)" [C:\Users\phucl\OneDrive\Desktop\ASS_NET201_PHAT\ASS_NET201_BuiThinhPhat_02\Assignment_NET201.csproj]
C:\Program Files\dotnet\sdk\10.0.101\Microsoft.Common.CurrentVersion.targets(5381,5): error MSB3027: Could not copy "C:\Users\phucl\OneDrive\Desktop\ASS_NET201_PHAT\ASS_NET201_BuiThinhPhat_02\obj\Debug\net10.0\apphost.exe" to "bin\Debug\net10.0\Assignment_NET201.exe". Exceeded retry count of 10. Failed. The file is locked by: "Assignment_NET201 (19076)" [C:\Users\phucl\OneDrive\Desktop\ASS_NET201_PHAT\ASS_NET201_BuiThinhPhat_02\Assignment_NET201.csproj]
C:\Program Files\dotnet\sdk\10.0.101\Microsoft.Common.CurrentVersion.targets(5381,5): error MSB3021: Unable to copy file "C:\Users\phucl\OneDrive\Desktop\ASS_NET201_PHAT\ASS_NET201_BuiThinhPhat_02\obj\Debug\net10.0\apphost.exe" to "bin\Debug\net10.0\Assignment_NET201.exe". The process cannot access the file 'C:\Users\phucl\OneDrive\Desktop\ASS_NET201_PHAT\ASS_NET201_BuiThinhPhat_02\bin\Debug\net10.0\Assignment_NET201.exe' because it is being used by another process. [C:\Users\phucl\OneDrive\Desktop\ASS_NET201_PHAT\ASS_NET201_BuiThinhPhat_02\Assignment_NET201.csproj]

Build FAILED.

C:\Program Files\dotnet\sdk\10.0.101\Microsoft.Common.CurrentVersion.targets(5381,5): warning MSB3026: Could not copy "C:\Users\phucl\OneDrive\Desktop\ASS_NET201_PHAT\ASS_NET201_BuiThinhPhat_02\obj\Debug\net10.0\apphost.exe" to "bin\Debug\net10.0\Assignment_NET201.exe". Beginning retry 1 in 1000ms. The process cannot access the file 'C:\Users\phucl\OneDrive\Desktop\ASS_NET201_PHAT\ASS_NET201_BuiThinhPhat_02\bin\Debug\net10.0\Assignment_NET201.exe' because it is being used by another process. The file is locked by: "Assignment_NET201 (19076)" [C:\Users\phucl\OneDrive\Desktop\ASS_NET201_PHAT\ASS_NET201_BuiThinhPhat_02\Assignment_NET201.csproj]
C:\Program Files\dotnet\sdk\10.0.101\Microsoft.Common.CurrentVersion.targets(5381,5): warning MSB3026: Could not copy "C:\Users\phucl\OneDrive\Desktop\ASS_NET201_PHAT\ASS_NET201_BuiThinhPhat_02\obj\Debug\net10.0\apphost.exe" to "bin\Debug\net10.0\Assignment_NET201.exe". Beginning retry 2 in 1000ms. The process cannot access the file 'C:\Users\phucl\OneDrive\Desktop\ASS_NET201_PHAT\ASS_NET201_BuiThinhPhat_02\bin\Debug\net10.0\Assignment_NET201.exe' because it is being used by another process. The file is locked by: "Assignment_NET201 (19076)" [C:\Users\phucl\OneDrive\Desktop\ASS_NET201_PHAT\ASS_NET201_BuiThinhPhat_02\Assignment_NET201.csproj]
C:\Program Files\dotnet\sdk\10.0.101\Microsoft.Common.CurrentVersion.targets(5381,5): warning MSB3026: Could not copy "C:\Users\phucl\OneDrive\Desktop\ASS_NET201_PHAT\ASS_NET201_BuiThinhPhat_02\obj\Debug\net10.0\apphost.exe" to "bin\Debug\net10.0\Assignment_NET201.exe". Beginning retry 3 in 1000ms. The process cannot access the file 'C:\Users\phucl\OneDrive\Desktop\ASS_NET201_PHAT\ASS_NET201_BuiThinhPhat_02\bin\Debug\net10.0\Assignment_NET201.exe' because it is being used by another process. The file is locked by: "Assignment_NET201 (19076)" [C:\Users\phucl\OneDrive\Desktop\ASS_NET201_PHAT\ASS_NET201_BuiThinhPhat_02\Assignment_NET201.csproj]
C:\Program Files\dotnet\sdk\10.0.101\Microsoft.Common.CurrentVersion.targets(5381,5): warning MSB3026: Could not copy "C:\Users\phucl\OneDrive\Desktop\ASS_NET201_PHAT\ASS_NET201_BuiThinhPhat_02\obj\Debug\net10.0\apphost.exe" to "bin\Debug\net10.0\Assignment_NET201.exe". Beginning retry 4 in 1000ms. The process cannot access the file 'C:\Users\phucl\OneDrive\Desktop\ASS_NET201_PHAT\ASS_NET201_BuiThinhPhat_02\bin\Debug\net10.0\Assignment_NET201.exe' because it is being used by another process. The file is locked by: "Assignment_NET201 (19076)" [C:\Users\phucl\OneDrive\Desktop\ASS_NET201_PHAT\ASS_NET201_BuiThinhPhat_02\Assignment_NET201.csproj]
C:\Program Files\dotnet\sdk\10.0.101\Microsoft.Common.CurrentVersion.targets(5381,5): warning MSB3026: Could not copy "C:\Users\phucl\OneDrive\Desktop\ASS_NET201_PHAT\ASS_NET201_BuiThinhPhat_02\obj\Debug\net10.0\apphost.exe" to "bin\Debug\net10.0\Assignment_NET201.exe". Beginning retry 5 in 1000ms. The process cannot access the file 'C:\Users\phucl\OneDrive\Desktop\ASS_NET201_PHAT\ASS_NET201_BuiThinhPhat_02\bin\Debug\net10.0\Assignment_NET201.exe' because it is being used by another process. The file is locked by: "Assignment_NET201 (19076)" [C:\Users\phucl\OneDrive\Desktop\ASS_NET201_PHAT\ASS_NET201_BuiThinhPhat_02\Assignment_NET201.csproj]
C:\Program Files\dotnet\sdk\10.0.101\Microsoft.Common.CurrentVersion.targets(5381,5): warning MSB3026: Could not copy "C:\Users\phucl\OneDrive\Desktop\ASS_NET201_PHAT\ASS_NET201_BuiThinhPhat_02\obj\Debug\net10.0\apphost.exe" to "bin\Debug\net10.0\Assignment_NET201.exe". Beginning retry 6 in 1000ms. The process cannot access the file 'C:\Users\phucl\OneDrive\Desktop\ASS_NET201_PHAT\ASS_NET201_BuiThinhPhat_02\bin\Debug\net10.0\Assignment_NET201.exe' because it is being used by another process. The file is locked by: "Assignment_NET201 (19076)" [C:\Users\phucl\OneDrive\Desktop\ASS_NET201_PHAT\ASS_NET201_BuiThinhPhat_02\Assignment_NET201.csproj]
C:\Program Files\dotnet\sdk\10.0.101\Microsoft.Common.CurrentVersion.targets(5381,5): warning MSB3026: Could not copy "C:\Users\phucl\OneDrive\Desktop\ASS_NET201_PHAT\ASS_NET201_BuiThinhPhat_02\obj\Debug\net10.0\apphost.exe" to "bin\Debug\net10.0\Assignment_NET201.exe". Beginning retry 7 in 1000ms. The process cannot access the file 'C:\Users\phucl\OneDrive\Desktop\ASS_NET201_PHAT\ASS_NET201_BuiThinhPhat_02\bin\Debug\net10.0\Assignment_NET201.exe' because it is being used by another process. The file is locked by: "Assignment_NET201 (19076)" [C:\Users\phucl\OneDrive\Desktop\ASS_NET201_PHAT\ASS_NET201_BuiThinhPhat_02\Assignment_NET201.csproj]
C:\Program Files\dotnet\sdk\10.0.101\Microsoft.Common.CurrentVersion.targets(5381,5): warning MSB3026: Could not copy "C:\Users\phucl\OneDrive\Desktop\ASS_NET201_PHAT\ASS_NET201_BuiThinhPhat_02\obj\Debug\net10.0\apphost.exe" to "bin\Debug\net10.0\Assignment_NET201.exe". Beginning retry 8 in 1000ms. The process cannot access the file 'C:\Users\phucl\OneDrive\Desktop\ASS_NET201_PHAT\ASS_NET201_BuiThinhPhat_02\bin\Debug\net10.0\Assignment_NET201.exe' because it is being used by another process. The file is locked by: "Assignment_NET201 (19076)" [C:\Users\phucl\OneDrive\Desktop\ASS_NET201_PHAT\ASS_NET201_BuiThinhPhat_02\Assignment_NET201.csproj]
C:\Program Files\dotnet\sdk\10.0.101\Microsoft.Common.CurrentVersion.targets(5381,5): warning MSB3026: Could not copy "C:\Users\phucl\OneDrive\Desktop\ASS_NET201_PHAT\ASS_NET201_BuiThinhPhat_02\obj\Debug\net10.0\apphost.exe" to "bin\Debug\net10.0\Assignment_NET201.exe". Beginning retry 9 in 1000ms. The process cannot access the file 'C:\Users\phucl\OneDrive\Desktop\ASS_NET201_PHAT\ASS_NET201_BuiThinhPhat_02\bin\Debug\net10.0\Assignment_NET201.exe' because it is being used by another process. The file is locked by: "Assignment_NET201 (19076)" [C:\Users\phucl\OneDrive\Desktop\ASS_NET201_PHAT\ASS_NET201_BuiThinhPhat_02\Assignment_NET201.csproj]
C:\Program Files\dotnet\sdk\10.0.101\Microsoft.Common.CurrentVersion.targets(5381,5): warning MSB3026: Could not copy "C:\Users\phucl\OneDrive\Desktop\ASS_NET201_PHAT\ASS_NET201_BuiThinhPhat_02\obj\Debug\net10.0\apphost.exe" to "bin\Debug\net10.0\Assignment_NET201.exe". Beginning retry 10 in 1000ms. The process cannot access the file 'C:\Users\phucl\OneDrive\Desktop\ASS_NET201_PHAT\ASS_NET201_BuiThinhPhat_02\bin\Debug\net10.0\Assignment_NET201.exe' because it is being used by another process. The file is locked by: "Assignment_NET201 (19076)" [C:\Users\phucl\OneDrive\Desktop\ASS_NET201_PHAT\ASS_NET201_BuiThinhPhat_02\Assignment_NET201.csproj]
C:\Program Files\dotnet\sdk\10.0.101\Microsoft.Common.CurrentVersion.targets(5381,5): error MSB3027: Could not copy "C:\Users\phucl\OneDrive\Desktop\ASS_NET201_PHAT\ASS_NET201_BuiThinhPhat_02\obj\Debug\net10.0\apphost.exe" to "bin\Debug\net10.0\Assignment_NET201.exe". Exceeded retry count of 10. Failed. The file is locked by: "Assignment_NET201 (19076)" [C:\Users\phucl\OneDrive\Desktop\ASS_NET201_PHAT\ASS_NET201_BuiThinhPhat_02\Assignment_NET201.csproj]
C:\Program Files\dotnet\sdk\10.0.101\Microsoft.Common.CurrentVersion.targets(5381,5): error MSB3021: Unable to copy file "C:\Users\phucl\OneDrive\Desktop\ASS_NET201_PHAT\ASS_NET201_BuiThinhPhat_02\obj\Debug\net10.0\apphost.exe" to "bin\Debug\net10.0\Assignment_NET201.exe". The process cannot access the file 'C:\Users\phucl\OneDrive\Desktop\ASS_NET201_PHAT\ASS_NET201_BuiThinhPhat_02\bin\Debug\net10.0\Assignment_NET201.exe' because it is being used by another process. [C:\Users\phucl\OneDrive\Desktop\ASS_NET201_PHAT\ASS_NET201_BuiThinhPhat_02\Assignment_NET201.csproj]
    10 Warning(s)
    2 Error(s)

Time Elapsed 00:00:12.86
